// Jest Snapshot v1, https://goo.gl/fbAQLP

exports[`[Contact] should render component without crashing 1`] = `
<div
  className="contact-body"
  style={
    Object {
      "backgroundImage": "url(pattern-wmdb.png)",
    }
  }
>
  <div
    className="uk-container"
  >
    <div
      className="contact-grid"
    >
      <div
        className="contact-main"
      >
        <div
          className="contact-title"
        >
          <h2>
            Wie is de mol?
          </h2>
        </div>
        <ul
          className="contact-list"
        >
          <li>
            BE Eventgroup
          </li>
          <li>
            <IconComponent
              icon="rooms.svg"
              size="14px"
            />
            10 - 1000 personen
          </li>
        </ul>
        <div
          className="contact-content"
        >
          <BodyTextComponent
            html="  <p>
Maak kennis met het spel Wie is de Mol? Leuk, leukst en nog veel leuker. Het spel boordevol met verrassingen, wie
o wie bedriegt het gezelschap?
</p>
<p>
Na het welkomstwoord volgt er een uitleg over het spel. De deelnemers van het bedrijfsuitje / teamuitje worden in
subgroepen verdeeld. De mol zit zonder dat de gasten het weten al in elke groep. Anoniem vanuit een ander team in
uw groep geplaatst met als doel saboteren!! De Mol zal de hele dag meeloeren over uw schouders terwijl de ludieke
opdrachten uitgevoerd worden. Wie vertrouwd u in uw team om de opdrachten namens uw team uit te laten voeren?
</p>
<p>
Na de uitleg lopen de deelnemers een route door het centrum van Best. Tijdens deze tocht proberen de groepen geld
te verdienen, door goed uitgevoerde opdrachten. Zonder Creativiteit en samenwerking zal men de opdrachten niet
kunnen vervullen. In elke groep zit een MOL. Deze behoort eigenlijk bij een andere sub groep van uw gezelschap. De
MOL probeert opdrachten dwars te bomen. Hoe meer hij hier in slaagt hoe meer geld hij verdient voor zijn eigen
groep.
</p>
<h5>Kinderfeestje</h5>
<p>
Als iedereen is voorzien van een natje vervolgen we de tocht van Wie is de MOL. Na deze pauze zijn er al
deelnemers die een vermoeden hebben van wie de MOL nu eigenlijk is. Deze gasten \\"proberen\\" dit nog even voor zich
te houden. Het rest jullie nu nog enkele opdrachten te doen voordat de antwoorden bekend worden gemaakt.
</p>
<p>
Uiteraard zal de prijsuitreiking voor verrassingen zorgen. De mollen worden ontmaskerd en de reacties komen los!!
Niet gedacht, wel gedacht etc. etc. Tijdens de borrel krijgen de Mollen de kans om hun 'teamgenoten' te vertellen
hoe zij de gehele dag zijn misleid. Het perfecte bedrijfsuitje om uw collega's beter te leren kennen. Een van de
vele mooie momenten van deze dag.
</p>

<h5>Ligging</h5>
<p>
Op ongeveer de helft van de tocht zal de Mol jullie naar een horecagelegenheid proberen te loodsen. De meeste
deelnemers zijn op dit moment Mister X al tegen gekomen.
</p>

"
          />
        </div>
        <Button
          fullWidth={true}
          large={true}
          onClick={[Function]}
          title="Ontvang informatie / offerte"
          variant="primary"
        />
        <div
          className="other-activities"
        >
          <OtherActivitiesComponent
            otherActivitiesModule={
              Object {
                "buttonTitleClosed": "Bekijk 6 meer activiteiten",
                "buttonTitleOpened": "Bekijk 6 minder activiteiten",
                "cards": Array [
                  Object {
                    "buttonText": "",
                    "image": "oasis.jpg",
                    "title": "U Deugt Wij Deugen",
                  },
                  Object {
                    "buttonText": "",
                    "image": "img02.png",
                    "title": "The Ultimate Expedition",
                  },
                  Object {
                    "buttonText": "",
                    "image": "rectangle.png",
                    "title": "Het Mislukte Feest",
                  },
                  Object {
                    "buttonText": "",
                    "image": "img-big.jpg",
                    "title": "Hou van Holland Stadsspel",
                  },
                  Object {
                    "buttonText": "",
                    "image": "rectangle.png",
                    "title": "Het Mislukte Feest",
                  },
                  Object {
                    "buttonText": "",
                    "image": "img-big.jpg",
                    "title": "Hou van Holland Stadsspel",
                  },
                  Object {
                    "buttonText": "",
                    "image": "rectangle.png",
                    "title": "Het Mislukte Feest",
                  },
                  Object {
                    "buttonText": "",
                    "image": "img-big.jpg",
                    "title": "Hou van Holland Stadsspel",
                  },
                  Object {
                    "buttonText": "",
                    "image": "rectangle.png",
                    "title": "Het Mislukte Feest",
                  },
                  Object {
                    "buttonText": "",
                    "image": "img-big.jpg",
                    "title": "Hou van Holland Stadsspel",
                  },
                ],
                "numberItemsShowing": 4,
                "title": "Andere activiteiten van dit bedrijf",
              }
            }
          />
        </div>
        <div
          className="contact-bottom"
        >
          <ContactTelephoneComponent
            button={
              Object {
                "title": "Toon telefoonnummer",
                "url": "",
              }
            }
            content="Ook al zijn wij vaak op pad met een groep, wij doen altijd ons best u te woord te staan."
            title="Telefonisch contact"
          />
        </div>
      </div>
      <div
        className="contact-aside"
      >
        <div
          className="uk-visible@m"
        >
          <h2>
            Vrijblijvende offerte / prijsindicatie
          </h2>
          <p>
            Vraag vrijblijvend een prijsindicatie aan en ontvang informatie op maat!
          </p>
          <div
            className="contact-actions"
          >
            <Button
              fullWidth={true}
              large={true}
              onClick={[Function]}
              title="Ontvang informatie / offerte"
              type="button"
              variant="primary"
            />
            <div
              className="contact-actions-mail"
            >
              <LinkComponent
                to=""
              >
                <IconComponent
                  icon="mail.svg"
                  size="15px"
                />
                <span
                  className="contact-actions-mail-span"
                >
                  Deel via mail
                </span>
              </LinkComponent>
            </div>
          </div>
        </div>
        <div
          className="uk-visible@m"
        >
          <AdBannerComponent
            advertisement="Advertentie"
            backgroundImage="rectangle.png"
            button={
              Object {
                "title": "Meer info",
                "url": "/",
              }
            }
            content="Surfen? Dat doe je in Zeeland."
          />
        </div>
      </div>
      <div
        className="contact-mobile-actions"
      >
        <div
          className="contact-mobile-head"
        >
          <Button
            icon="chevron-right.svg"
            onClick={[Function]}
            position="left"
            title="Read more"
          />
        </div>
        <div
          className="contact-mobile-actions-contact"
        >
          <ContactTelephoneComponent
            button={
              Object {
                "title": "Toon telefoonnummer",
                "url": "",
              }
            }
            content="Ook al zijn wij vaak op pad met een groep, wij doen altijd ons best u te woord te staan."
            title="Telefonisch contact"
          />
        </div>
        <div
          className="contact-mobile-bottom"
        >
          <div
            className="contact-mobile-item"
          >
            <Button
              fullWidth={true}
              onClick={[Function]}
              title="Aanvragen"
              variant="primary"
            />
          </div>
        </div>
      </div>
    </div>
  </div>
</div>
`;
