// Jest Snapshot v1, https://goo.gl/fbAQLP

exports[`[Label] should render component without crashing 1`] = `
<Fragment>
  <label
    className="checkbox-label"
  >
    <input
      aria-checked="false"
      className="checkbox"
      type="checkbox"
    />
    Label
  </label>
</Fragment>
`;
