// Jest Snapshot v1, https://goo.gl/fbAQLP

exports[`[PlaygroundComponent] should render without crashing 1`] = `<Fragment />`;
