// Jest Snapshot v1, https://goo.gl/fbAQLP

exports[`[ArrowPanelList] should render component without crashing 1`] = `
<div
  className="arrow-panel-list"
  style={Object {}}
>
  <div
    className="arrow-panel-list__head"
    style={Object {}}
  >
    <h3>
      Title
    </h3>
  </div>
</div>
`;
