// Jest Snapshot v1, https://goo.gl/fbAQLP

exports[`[HeaderGallery] should render component without crashing 1`] = `
<div
  className="header-gallery"
>
  <div
    className="uk-container"
  >
    <div
      className="header-gallery__container"
    >
      <div
        className="header-gallery__col large"
      >
        <Slider
          arrows={true}
          beforeChange={[Function]}
          dots={false}
          infinite={true}
          nextArrow={<BasicArrow />}
          prevArrow={
            <BasicArrow
              prev={true}
            />
          }
          responsive={
            Array [
              Object {
                "breakpoint": 1199,
                "settings": Object {
                  "arrows": false,
                  "dots": true,
                  "slidesToScroll": 1,
                  "slidesToShow": 1,
                },
              },
            ]
          }
          slidesToScroll={1}
          slidesToShow={1}
          speed={500}
        >
          <ImageComponent
            key="0"
            src="oasis.jpg"
          />
          <ImageComponent
            key="1"
            src="img02.png"
          />
          <ImageComponent
            key="2"
            src="oasis.jpg"
          />
          <ImageComponent
            key="3"
            src="img-big.jpg"
          />
          <ImageComponent
            key="4"
            src="img-grid.png"
          />
          <ImageComponent
            key="5"
            src="rectangle.png"
          />
        </Slider>
        <div
          className=" header-gallery__info uk-visible@l "
        >
          <div
            className="slider-info"
          >
            <div
              className="photo"
            >
              <IconComponent
                icon="images.svg"
                size="15px"
              />
              Fotoâ€™s (
              1
              /
              6
              )
            </div>
            <div
              className="video"
            >
              <IconComponent
                icon="play.svg"
                size="12px"
              />
              Video
            </div>
          </div>
        </div>
      </div>
      <div
        className=" header-gallery__col small uk-visible@l "
      >
        <div
          className=" uk-grid uk-grid-small data-uk-margin "
        >
          <div
            className="uk-width-1-1"
            style={
              Object {
                "cursor": "pointer",
              }
            }
          >
            <ImageComponent
              onClick={[Function]}
              src="img02.png"
            />
          </div>
          <div
            className="uk-width-1-2@s"
            key="0"
            style={
              Object {
                "cursor": "pointer",
              }
            }
          >
            <ImageComponent
              onClick={[Function]}
              src="oasis.jpg"
            />
          </div>
          <div
            className="uk-width-1-2@s"
            key="1"
            style={
              Object {
                "cursor": "pointer",
              }
            }
          >
            <ImageComponent
              onClick={[Function]}
              src="img-big.jpg"
            />
          </div>
          <div
            className="uk-width-1-2@s"
            key="2"
            style={
              Object {
                "cursor": "pointer",
              }
            }
          >
            <ImageComponent
              onClick={[Function]}
              src="img-grid.png"
            />
          </div>
          <div
            className="uk-width-1-2@s"
            key="3"
            style={
              Object {
                "cursor": "pointer",
              }
            }
          >
            <ImageComponent
              onClick={[Function]}
              src="rectangle.png"
            />
          </div>
        </div>
      </div>
    </div>
  </div>
</div>
`;
